2026-04-18 00:09:07 - =========================================
2026-04-18 00:09:07 -    CREAZIONE UTENTI PER SCUOLA
2026-04-18 00:09:07 - =========================================
2026-04-18 00:09:07 - ❌ Questo script deve essere eseguito come root (sudo)!
2026-04-18 00:09:19 - =========================================
2026-04-18 00:09:19 -    CREAZIONE UTENTI PER SCUOLA
2026-04-18 00:09:19 - =========================================
2026-04-18 00:09:28 - \n📖 Lettura file utenti.csv...
2026-04-18 00:09:28 - Creazione directory classe: /home/1LSI
2026-04-18 00:09:28 - Directory classe creata
2026-04-18 00:09:28 - Creazione utente: alberto.minello
2026-04-18 00:09:28 - Directory web creata: /var/www/html/alberto.minello
2026-04-18 00:09:28 - ✅ Utente alberto.minello creato con successo!
2026-04-18 00:09:28 -    Password: xfyp1eC7#M
2026-04-18 00:09:28 -    Home: /home/1LSI/alberto.minello
2026-04-18 00:09:28 -    Web: /var/www/html/alberto.minello
2026-04-18 00:09:28 - Directory classe già esistente
2026-04-18 00:09:28 - Creazione utente: argo.secondari
2026-04-18 00:09:28 - Directory web creata: /var/www/html/argo.secondari
2026-04-18 00:09:28 - ✅ Utente argo.secondari creato con successo!
2026-04-18 00:09:28 -    Password: vB3lA@MY1%
2026-04-18 00:09:28 -    Home: /home/1LSI/argo.secondari
2026-04-18 00:09:28 -    Web: /var/www/html/argo.secondari
2026-04-18 00:09:28 - =========================================
2026-04-18 00:09:28 - ✅ OPERAZIONE COMPLETATA!
2026-04-18 00:09:28 -    Utenti creati/skippati: 2
2026-04-18 00:09:28 -    Log salvato in: creazione_utenti.log
2026-04-18 00:09:28 - =========================================
2026-04-18 00:10:22 - Password generate:
2026-04-18 00:11:56 - =========================================
2026-04-18 00:11:56 -    CREAZIONE UTENTI PER SCUOLA
2026-04-18 00:11:56 - =========================================
2026-04-18 00:12:00 - \n📖 Lettura file utenti.csv...
2026-04-18 00:12:00 - Directory classe già esistente
2026-04-18 00:12:00 - Creazione gruppo: 1LSI
2026-04-18 00:12:00 - ✅ Gruppo 1LSI creato
2026-04-18 00:12:00 - Creazione utente: alberto.minello
2026-04-18 00:12:00 - Directory web già esistente
2026-04-18 00:12:00 - ✅ Utente alberto.minello creato con successo!
2026-04-18 00:12:00 -    Password: Bi1#MZ$r3O
2026-04-18 00:12:00 -    Home: /home/1LSI/alberto.minello
2026-04-18 00:12:00 -    Web: /var/www/html/alberto.minello
2026-04-18 00:12:00 - Directory classe già esistente
2026-04-18 00:12:00 - Gruppo 1LSI già esistente
2026-04-18 00:12:00 - Creazione utente: argo.secondari
2026-04-18 00:12:00 - Directory web già esistente
2026-04-18 00:12:00 - ✅ Utente argo.secondari creato con successo!
2026-04-18 00:12:00 -    Password: XR6B$HvkIx
2026-04-18 00:12:00 -    Home: /home/1LSI/argo.secondari
2026-04-18 00:12:00 -    Web: /var/www/html/argo.secondari
2026-04-18 00:12:00 - =========================================
2026-04-18 00:12:00 - ✅ OPERAZIONE COMPLETATA!
2026-04-18 00:12:00 -    Utenti creati: 2
2026-04-18 00:12:00 -    Log salvato in: creazione_utenti.log
2026-04-18 00:12:00 - =========================================
2026-04-18 00:12:13 - Password generate:
2026-04-18 00:12:24 - ✅ Password salvate in password.txt
2026-04-18 00:12:24 - ⚠️  IMPORTANTE: Cancella questo file dopo aver consegnato le password!
2026-04-18 00:12:24 - 📌 ISTRUZIONI FINALI:
2026-04-18 00:12:24 - ⚠️  Per configurare SSH chroot, modifica /etc/ssh/sshd_config
2026-04-18 00:15:49 - =========================================
2026-04-18 00:15:49 -    CREAZIONE UTENTI PER SCUOLA
2026-04-18 00:15:49 - =========================================
2026-04-18 00:15:56 - \n📖 Lettura file utenti.csv...
2026-04-18 00:15:56 - Directory classe già esistente
2026-04-18 00:15:56 - ⚠️  Utente alberto.minello già esistente. Skippato.
2026-04-18 00:15:56 - Directory classe già esistente
2026-04-18 00:15:56 - ⚠️  Utente argo.secondari già esistente. Skippato.
2026-04-18 00:15:56 - \n🔧 Configurazione SSH/SFTP...
2026-04-18 00:15:56 - Backup creato: /etc/ssh/sshd_config.backup.20260418_001556
2026-04-18 00:15:56 - ✅ Configurazione SSH aggiunta
2026-04-18 00:15:56 - Riavvio servizio SSH...
2026-04-18 00:15:56 - ✅ Servizio SSH riavviato con successo
2026-04-18 00:15:56 - =========================================
2026-04-18 00:15:56 - ✅ OPERAZIONE COMPLETATA!
2026-04-18 00:15:56 -    Utenti creati: 2
2026-04-18 00:15:56 -    Log salvato in: creazione_utenti.log
2026-04-18 00:15:56 - =========================================
2026-04-18 00:15:58 - Password generate:
2026-04-18 00:16:10 - ✅ Password salvate in password.txt
2026-04-18 00:16:10 - ⚠️  IMPORTANTE: Cancella questo file dopo aver consegnato le password!
2026-04-18 00:16:10 - =========================================
2026-04-18 00:16:10 -          GUIDA ALL'UTILIZZO
2026-04-18 00:16:10 - =========================================
2026-04-18 00:16:10 - \n📌 ACCESSO SSH/SFTP:
2026-04-18 00:16:10 - \n📌 ACCESSO WEB:
2026-04-18 00:16:10 - \n📌 GESTIONE UTENTI:
2026-04-18 00:16:10 - \n📌 CONFIGURAZIONE SSH (manuale):
2026-04-18 00:16:10 - \n📌 PERMESSI E SICUREZZA:
2026-04-18 00:16:10 - \n📌 COMANDI UTILI:
2026-04-18 00:16:10 - \n⚠️  NOTE IMPORTANTI:
2026-04-18 00:16:10 - \n=========================================
[2026-04-18 00:58:38] WARNING: Utente alberto.minello già esistente
[2026-04-18 00:58:38] WARNING: Utente argo.secondari già esistente
